// Jest Snapshot v1, https://goo.gl/fbAQLP

exports[`Input should render Input with styles 1`] = `
<DocumentFragment>
  <input
    class="w-full text-xs md:text-xl appearance-none bg-transparent text-dark p-2 border border-dark rounded mt-4"
    value="text"
  />
</DocumentFragment>
`;
