// Jest Snapshot v1, https://goo.gl/fbAQLP

exports[`Select should render Select with styles 1`] = `
<DocumentFragment>
  <div
    class="grid"
  >
    <svg
      class="relative right-1 z-10 col-start-1 row-start-1 justify-self-end self-center w-6 h-6 pointer-events-none"
      fill="none"
      height="1em"
      stroke="currentColor"
      stroke-linecap="round"
      stroke-linejoin="round"
      stroke-width="2"
      viewBox="0 0 24 24"
      width="1em"
      xmlns="http://www.w3.org/2000/svg"
    >
      <polyline
        points="6 9 12 15 18 9"
      />
    </svg>
    <select
      class="row-start-1 col-start-1 appearance-none bg-transparent text-dark p-2 border border-dark rounded mt-4"
    >
      <option>
        1
      </option>
      <option>
        2
      </option>
    </select>
  </div>
</DocumentFragment>
`;
