// Jest Snapshot v1, https://goo.gl/fbAQLP

exports[`NavigationColumn should render NavigationColumn 1`] = `
<DocumentFragment>
  <div
    class="fixed inset-0 transition-[opacity] bg-black pointer-events-none opacity-0"
  />
  <nav
    class="bg-white fixed z-10 p-4 transition-[top] overflow-auto pb-32 w-full h-full top-full md:h-screen md:relative md:left-0 md:w-[240px] md:border-right-1"
  >
    <ul>
      <li
        class="font-bold"
      >
        <h1>
          <a
            href="/"
          >
            UtilityHub
          </a>
        </h1>
      </li>
      <li>
        <h2
          class="mt-4 font-bold"
        >
          Time
        </h2>
      </li>
      <li>
        <a
          class=""
          href="/utils/time/date"
        >
          Dates
        </a>
      </li>
      <li>
        <h2
          class="mt-4 font-bold"
        >
          Numbers
        </h2>
      </li>
      <li>
        <a
          class=""
          href="/utils/numbers/base"
        >
          Numbers 
        </a>
      </li>
      <li>
        <a
          class=""
          href="/utils/numbers/fractions"
        >
          Fractions
        </a>
      </li>
      <li>
        <a
          class=""
          href="/utils/numbers/percentages"
        >
          Percentages 
        </a>
      </li>
      <li>
        <a
          class=""
          href="/utils/units"
        >
          Units
        </a>
      </li>
      <li>
        <h2
          class="mt-4 font-bold"
        >
          Text
        </h2>
      </li>
      <li>
        <a
          class=""
          href="/utils/text"
        >
          Text
        </a>
      </li>
      <li>
        <a
          class=""
          href="/utils/text/list"
        >
          Lists
        </a>
      </li>
      <li>
        <a
          class=""
          href="/utils/text/encoding"
        >
          Encoding
        </a>
      </li>
      <li>
        <a
          class=""
          href="/utils/text/hash-functions"
        >
          Hash functions
        </a>
      </li>
    </ul>
  </nav>
  <div
    class="flex fixed right-0 bottom-0 z-20 justify-end p-4 w-full bg-white  md:hidden  border shadow-2xl border-top-1"
    role="button"
  >
    <svg
      aria-label="open navigation"
      fill="none"
      height="1em"
      stroke="currentColor"
      stroke-linecap="round"
      stroke-linejoin="round"
      stroke-width="2"
      viewBox="0 0 24 24"
      width="1em"
      xmlns="http://www.w3.org/2000/svg"
    >
      <line
        x1="3"
        x2="21"
        y1="12"
        y2="12"
      />
      <line
        x1="3"
        x2="21"
        y1="6"
        y2="6"
      />
      <line
        x1="3"
        x2="21"
        y1="18"
        y2="18"
      />
    </svg>
  </div>
</DocumentFragment>
`;

exports[`NavigationColumn should show NavigationColumn when clicking on menu icon 1`] = `
"Snapshot Diff:
- First value
+ Second value

- <DocumentFragment />
+ <DocumentFragment>
+   <div
+     class="fixed inset-0 transition-[opacity] bg-black pointer-events-none opacity-0"
+   />
+   <nav
+     class="bg-white fixed z-10 p-4 transition-[top] overflow-auto pb-32 w-full h-full top-full md:h-screen md:relative md:left-0 md:w-[240px] md:border-right-1"
+   >
+     <ul>
+       <li
+         class="font-bold"
+       >
+         <h1>
+           <a
+             href="/"
+           >
+             UtilityHub
+           </a>
+         </h1>
+       </li>
+       <li>
+         <h2
+           class="mt-4 font-bold"
+         >
+           Time
+         </h2>
+       </li>
+       <li>
+         <a
+           class=""
+           href="/utils/time/date"
+         >
+           Dates
+         </a>
+       </li>
+       <li>
+         <h2
+           class="mt-4 font-bold"
+         >
+           Numbers
+         </h2>
+       </li>
+       <li>
+         <a
+           class=""
+           href="/utils/numbers/base"
+         >
+           Numbers 
+         </a>
+       </li>
+       <li>
+         <a
+           class=""
+           href="/utils/numbers/fractions"
+         >
+           Fractions
+         </a>
+       </li>
+       <li>
+         <a
+           class=""
+           href="/utils/numbers/percentages"
+         >
+           Percentages 
+         </a>
+       </li>
+       <li>
+         <a
+           class=""
+           href="/utils/units"
+         >
+           Units
+         </a>
+       </li>
+       <li>
+         <h2
+           class="mt-4 font-bold"
+         >
+           Text
+         </h2>
+       </li>
+       <li>
+         <a
+           class=""
+           href="/utils/text"
+         >
+           Text
+         </a>
+       </li>
+       <li>
+         <a
+           class=""
+           href="/utils/text/list"
+         >
+           Lists
+         </a>
+       </li>
+       <li>
+         <a
+           class=""
+           href="/utils/text/encoding"
+         >
+           Encoding
+         </a>
+       </li>
+       <li>
+         <a
+           class=""
+           href="/utils/text/hash-functions"
+         >
+           Hash functions
+         </a>
+       </li>
+     </ul>
+   </nav>
+   <div
+     class="flex fixed right-0 bottom-0 z-20 justify-end p-4 w-full bg-white  md:hidden  border shadow-2xl border-top-1"
+     role="button"
+   >
+     <svg
+       aria-label="open navigation"
+       fill="none"
+       height="1em"
+       stroke="currentColor"
+       stroke-linecap="round"
+       stroke-linejoin="round"
+       stroke-width="2"
+       viewBox="0 0 24 24"
+       width="1em"
+       xmlns="http://www.w3.org/2000/svg"
+     >
+       <line
+         x1="3"
+         x2="21"
+         y1="12"
+         y2="12"
+       />
+       <line
+         x1="3"
+         x2="21"
+         y1="6"
+         y2="6"
+       />
+       <line
+         x1="3"
+         x2="21"
+         y1="18"
+         y2="18"
+       />
+     </svg>
+   </div>
+ </DocumentFragment>"
`;
