// Jest Snapshot v1, https://goo.gl/fbAQLP

exports[`Screen should render Screen 1`] = `
<DocumentFragment>
  <div
    class="p-4"
  />
</DocumentFragment>
`;
